// Jest Snapshot v1, https://goo.gl/fbAQLP

exports[`basic 1`] = `
"<h1>Here's some very poorly formatted {!! $rawEchos !!}</h1>
"
`;
