// Jest Snapshot v1, https://goo.gl/fbAQLP

exports[`basic 1`] = `
"<h1>Here's some very nice text {{-- This is actually not that nice --}}</h1>
"
`;

exports[`does not escape comments 1`] = `
"<h1>Here's some very nice text @{{--This is actually not that nice--}}</h1>
"
`;
